Archive member included because of file (symbol)

f:/empeded system/01 - imt sdk/imt_sdk_win_64/imt_sdk_win_64/winavr/bin/../lib/gcc/avr/4.3.3/avr5\libgcc.a(_exit.o)
                              f:/empeded system/01 - imt sdk/imt_sdk_win_64/imt_sdk_win_64/winavr/bin/../lib/gcc/avr/4.3.3/../../../../avr/lib/avr5/crtm32.o (exit)
f:/empeded system/01 - imt sdk/imt_sdk_win_64/imt_sdk_win_64/winavr/bin/../lib/gcc/avr/4.3.3/avr5\libgcc.a(_clear_bss.o)
                              ./EXTI_Program.o (__do_clear_bss)

Memory Configuration

Name             Origin             Length             Attributes
text             0x00000000         0x00020000         xr
data             0x00800060         0x0000ffa0         rw !x
eeprom           0x00810000         0x00010000         rw !x
fuse             0x00820000         0x00000400         rw !x
lock             0x00830000         0x00000400         rw !x
signature        0x00840000         0x00000400         rw !x
*default*        0x00000000         0xffffffff

Linker script and memory map

LOAD f:/empeded system/01 - imt sdk/imt_sdk_win_64/imt_sdk_win_64/winavr/bin/../lib/gcc/avr/4.3.3/../../../../avr/lib/avr5/crtm32.o
LOAD ./DIO_Program.o
LOAD ./EXTI_Program.o
LOAD ./GIE_Program.o
LOAD ./main.o
LOAD f:/empeded system/01 - imt sdk/imt_sdk_win_64/imt_sdk_win_64/winavr/bin/../lib/gcc/avr/4.3.3/avr5\libgcc.a
LOAD f:/empeded system/01 - imt sdk/imt_sdk_win_64/imt_sdk_win_64/winavr/bin/../lib/gcc/avr/4.3.3/../../../../avr/lib/avr5\libc.a
LOAD f:/empeded system/01 - imt sdk/imt_sdk_win_64/imt_sdk_win_64/winavr/bin/../lib/gcc/avr/4.3.3/avr5\libgcc.a

.hash
 *(.hash)

.dynsym
 *(.dynsym)

.dynstr
 *(.dynstr)

.gnu.version
 *(.gnu.version)

.gnu.version_d
 *(.gnu.version_d)

.gnu.version_r
 *(.gnu.version_r)

.rel.init
 *(.rel.init)

.rela.init
 *(.rela.init)

.rel.text
 *(.rel.text)
 *(.rel.text.*)
 *(.rel.gnu.linkonce.t*)

.rela.text
 *(.rela.text)
 *(.rela.text.*)
 *(.rela.gnu.linkonce.t*)

.rel.fini
 *(.rel.fini)

.rela.fini
 *(.rela.fini)

.rel.rodata
 *(.rel.rodata)
 *(.rel.rodata.*)
 *(.rel.gnu.linkonce.r*)

.rela.rodata
 *(.rela.rodata)
 *(.rela.rodata.*)
 *(.rela.gnu.linkonce.r*)

.rel.data
 *(.rel.data)
 *(.rel.data.*)
 *(.rel.gnu.linkonce.d*)

.rela.data
 *(.rela.data)
 *(.rela.data.*)
 *(.rela.gnu.linkonce.d*)

.rel.ctors
 *(.rel.ctors)

.rela.ctors
 *(.rela.ctors)

.rel.dtors
 *(.rel.dtors)

.rela.dtors
 *(.rela.dtors)

.rel.got
 *(.rel.got)

.rela.got
 *(.rela.got)

.rel.bss
 *(.rel.bss)

.rela.bss
 *(.rela.bss)

.rel.plt
 *(.rel.plt)

.rela.plt
 *(.rela.plt)

.text           0x00000000      0xd94
 *(.vectors)
 .vectors       0x00000000       0x54 f:/empeded system/01 - imt sdk/imt_sdk_win_64/imt_sdk_win_64/winavr/bin/../lib/gcc/avr/4.3.3/../../../../avr/lib/avr5/crtm32.o
                0x00000000                __vectors
                0x00000000                __vector_default
 *(.vectors)
 *(.progmem.gcc*)
 *(.progmem*)
                0x00000054                . = ALIGN (0x2)
                0x00000054                __trampolines_start = .
 *(.trampolines)
 .trampolines   0x00000054        0x0 linker stubs
 *(.trampolines*)
                0x00000054                __trampolines_end = .
 *(.jumptables)
 *(.jumptables*)
 *(.lowtext)
 *(.lowtext*)
                0x00000054                __ctors_start = .
 *(.ctors)
                0x00000054                __ctors_end = .
                0x00000054                __dtors_start = .
 *(.dtors)
                0x00000054                __dtors_end = .
 SORT(*)(.ctors)
 SORT(*)(.dtors)
 *(.init0)
 .init0         0x00000054        0x0 f:/empeded system/01 - imt sdk/imt_sdk_win_64/imt_sdk_win_64/winavr/bin/../lib/gcc/avr/4.3.3/../../../../avr/lib/avr5/crtm32.o
                0x00000054                __init
 *(.init0)
 *(.init1)
 *(.init1)
 *(.init2)
 .init2         0x00000054        0xc f:/empeded system/01 - imt sdk/imt_sdk_win_64/imt_sdk_win_64/winavr/bin/../lib/gcc/avr/4.3.3/../../../../avr/lib/avr5/crtm32.o
 *(.init2)
 *(.init3)
 *(.init3)
 *(.init4)
 .init4         0x00000060       0x10 f:/empeded system/01 - imt sdk/imt_sdk_win_64/imt_sdk_win_64/winavr/bin/../lib/gcc/avr/4.3.3/avr5\libgcc.a(_clear_bss.o)
                0x00000060                __do_clear_bss
 *(.init4)
 *(.init5)
 *(.init5)
 *(.init6)
 *(.init6)
 *(.init7)
 *(.init7)
 *(.init8)
 *(.init8)
 *(.init9)
 .init9         0x00000070        0x8 f:/empeded system/01 - imt sdk/imt_sdk_win_64/imt_sdk_win_64/winavr/bin/../lib/gcc/avr/4.3.3/../../../../avr/lib/avr5/crtm32.o
 *(.init9)
 *(.text)
 .text          0x00000078        0x4 f:/empeded system/01 - imt sdk/imt_sdk_win_64/imt_sdk_win_64/winavr/bin/../lib/gcc/avr/4.3.3/../../../../avr/lib/avr5/crtm32.o
                0x00000078                __vector_12
                0x00000078                __bad_interrupt
                0x00000078                __vector_6
                0x00000078                __vector_11
                0x00000078                __vector_13
                0x00000078                __vector_17
                0x00000078                __vector_19
                0x00000078                __vector_7
                0x00000078                __vector_5
                0x00000078                __vector_4
                0x00000078                __vector_9
                0x00000078                __vector_15
                0x00000078                __vector_8
                0x00000078                __vector_14
                0x00000078                __vector_10
                0x00000078                __vector_16
                0x00000078                __vector_18
                0x00000078                __vector_20
 .text          0x0000007c        0x0 ./DIO_Program.o
 .text          0x0000007c        0x0 ./EXTI_Program.o
 .text          0x0000007c        0x0 ./GIE_Program.o
 .text          0x0000007c        0x0 ./main.o
 .text          0x0000007c        0x0 f:/empeded system/01 - imt sdk/imt_sdk_win_64/imt_sdk_win_64/winavr/bin/../lib/gcc/avr/4.3.3/avr5\libgcc.a(_exit.o)
 .text          0x0000007c        0x0 f:/empeded system/01 - imt sdk/imt_sdk_win_64/imt_sdk_win_64/winavr/bin/../lib/gcc/avr/4.3.3/avr5\libgcc.a(_clear_bss.o)
                0x0000007c                . = ALIGN (0x2)
 *(.text.*)
 .text.DIO_u8_SetPin_value
                0x0000007c      0x1f2 ./DIO_Program.o
                0x0000007c                DIO_u8_SetPin_value
 .text.DIO_u8_SetPin_Dir
                0x0000026e      0x1f2 ./DIO_Program.o
                0x0000026e                DIO_u8_SetPin_Dir
 .text.DIO_u8_SetPort_value
                0x00000460       0x92 ./DIO_Program.o
                0x00000460                DIO_u8_SetPort_value
 .text.DIO_u8_SetPort_Dir
                0x000004f2       0x92 ./DIO_Program.o
                0x000004f2                DIO_u8_SetPort_Dir
 .text.DIO_u8_GetPin_value
                0x00000584      0x11a ./DIO_Program.o
                0x00000584                DIO_u8_GetPin_value
 .text.DIO_u8_GetPort_value
                0x0000069e       0xa6 ./DIO_Program.o
                0x0000069e                DIO_u8_GetPort_value
 .text.EXTI_voidINT0_Init
                0x00000744       0x38 ./EXTI_Program.o
                0x00000744                EXTI_voidINT0_Init
 .text.EXTI_voidINT1_Init
                0x0000077c       0x38 ./EXTI_Program.o
                0x0000077c                EXTI_voidINT1_Init
 .text.EXTI_voidINT2_Init
                0x000007b4       0x2a ./EXTI_Program.o
                0x000007b4                EXTI_voidINT2_Init
 .text.EXTI_u8INT0SetSenseControl
                0x000007de       0xdc ./EXTI_Program.o
                0x000007de                EXTI_u8INT0SetSenseControl
 .text.EXTI_u8INT1SetSenseControl
                0x000008ba       0xdc ./EXTI_Program.o
                0x000008ba                EXTI_u8INT1SetSenseControl
 .text.EXTI_u8INT2SetSenseControl
                0x00000996       0x64 ./EXTI_Program.o
                0x00000996                EXTI_u8INT2SetSenseControl
 .text.EXTI_u8INTEn_Dis
                0x000009fa       0xba ./EXTI_Program.o
                0x000009fa                EXTI_u8INTEn_Dis
 .text.EXTI_u8INT0SetCallback
                0x00000ab4       0x3c ./EXTI_Program.o
                0x00000ab4                EXTI_u8INT0SetCallback
 .text.EXTI_u8INT1SetCallback
                0x00000af0       0x3c ./EXTI_Program.o
                0x00000af0                EXTI_u8INT1SetCallback
 .text.EXTI_u8INT2SetCallback
                0x00000b2c       0x3c ./EXTI_Program.o
                0x00000b2c                EXTI_u8INT2SetCallback
 .text.__vector_1
                0x00000b68       0x66 ./EXTI_Program.o
                0x00000b68                __vector_1
 .text.__vector_2
                0x00000bce       0x66 ./EXTI_Program.o
                0x00000bce                __vector_2
 .text.__vector_3
                0x00000c34       0x66 ./EXTI_Program.o
                0x00000c34                __vector_3
 .text.GIE_voidEnable
                0x00000c9a       0x1c ./GIE_Program.o
                0x00000c9a                GIE_voidEnable
 .text.GIE_voidDisable
                0x00000cb6       0x1c ./GIE_Program.o
                0x00000cb6                GIE_voidDisable
 .text.INT0_ISR
                0x00000cd2       0x28 ./main.o
                0x00000cd2                INT0_ISR
 .text.INT1_ISR
                0x00000cfa       0x28 ./main.o
                0x00000cfa                INT1_ISR
 .text.INT2_ISR
                0x00000d22       0x28 ./main.o
                0x00000d22                INT2_ISR
 .text.main     0x00000d4a       0x46 ./main.o
                0x00000d4a                main
 .text.libgcc   0x00000d90        0x0 f:/empeded system/01 - imt sdk/imt_sdk_win_64/imt_sdk_win_64/winavr/bin/../lib/gcc/avr/4.3.3/avr5\libgcc.a(_exit.o)
 .text.libgcc   0x00000d90        0x0 f:/empeded system/01 - imt sdk/imt_sdk_win_64/imt_sdk_win_64/winavr/bin/../lib/gcc/avr/4.3.3/avr5\libgcc.a(_clear_bss.o)
                0x00000d90                . = ALIGN (0x2)
 *(.fini9)
 .fini9         0x00000d90        0x0 f:/empeded system/01 - imt sdk/imt_sdk_win_64/imt_sdk_win_64/winavr/bin/../lib/gcc/avr/4.3.3/avr5\libgcc.a(_exit.o)
                0x00000d90                exit
                0x00000d90                _exit
 *(.fini9)
 *(.fini8)
 *(.fini8)
 *(.fini7)
 *(.fini7)
 *(.fini6)
 *(.fini6)
 *(.fini5)
 *(.fini5)
 *(.fini4)
 *(.fini4)
 *(.fini3)
 *(.fini3)
 *(.fini2)
 *(.fini2)
 *(.fini1)
 *(.fini1)
 *(.fini0)
 .fini0         0x00000d90        0x4 f:/empeded system/01 - imt sdk/imt_sdk_win_64/imt_sdk_win_64/winavr/bin/../lib/gcc/avr/4.3.3/avr5\libgcc.a(_exit.o)
 *(.fini0)
                0x00000d94                _etext = .

.data           0x00800060        0x0 load address 0x00000d94
                0x00800060                PROVIDE (__data_start, .)
 *(.data)
 .data          0x00800060        0x0 f:/empeded system/01 - imt sdk/imt_sdk_win_64/imt_sdk_win_64/winavr/bin/../lib/gcc/avr/4.3.3/../../../../avr/lib/avr5/crtm32.o
 .data          0x00800060        0x0 ./DIO_Program.o
 .data          0x00800060        0x0 ./EXTI_Program.o
 .data          0x00800060        0x0 ./GIE_Program.o
 .data          0x00800060        0x0 ./main.o
 .data          0x00800060        0x0 f:/empeded system/01 - imt sdk/imt_sdk_win_64/imt_sdk_win_64/winavr/bin/../lib/gcc/avr/4.3.3/avr5\libgcc.a(_exit.o)
 .data          0x00800060        0x0 f:/empeded system/01 - imt sdk/imt_sdk_win_64/imt_sdk_win_64/winavr/bin/../lib/gcc/avr/4.3.3/avr5\libgcc.a(_clear_bss.o)
 *(.data*)
 *(.rodata)
 *(.rodata*)
 *(.gnu.linkonce.d*)
                0x00800060                . = ALIGN (0x2)
                0x00800060                _edata = .
                0x00800060                PROVIDE (__data_end, .)

.bss            0x00800060        0x9
                0x00800060                PROVIDE (__bss_start, .)
 *(.bss)
 .bss           0x00800060        0x0 f:/empeded system/01 - imt sdk/imt_sdk_win_64/imt_sdk_win_64/winavr/bin/../lib/gcc/avr/4.3.3/../../../../avr/lib/avr5/crtm32.o
 .bss           0x00800060        0x0 ./DIO_Program.o
 .bss           0x00800060        0x0 ./EXTI_Program.o
 .bss           0x00800060        0x0 ./GIE_Program.o
 .bss           0x00800060        0x0 ./main.o
 .bss           0x00800060        0x0 f:/empeded system/01 - imt sdk/imt_sdk_win_64/imt_sdk_win_64/winavr/bin/../lib/gcc/avr/4.3.3/avr5\libgcc.a(_exit.o)
 .bss           0x00800060        0x0 f:/empeded system/01 - imt sdk/imt_sdk_win_64/imt_sdk_win_64/winavr/bin/../lib/gcc/avr/4.3.3/avr5\libgcc.a(_clear_bss.o)
 *(.bss*)
 .bss.EXTI_pvINT0Func
                0x00800060        0x2 ./EXTI_Program.o
                0x00800060                EXTI_pvINT0Func
 .bss.EXTI_pvINT1Func
                0x00800062        0x2 ./EXTI_Program.o
                0x00800062                EXTI_pvINT1Func
 .bss.EXTI_pvINT2Func
                0x00800064        0x2 ./EXTI_Program.o
                0x00800064                EXTI_pvINT2Func
 .bss.flag.1303
                0x00800066        0x1 ./main.o
 .bss.flag.1310
                0x00800067        0x1 ./main.o
 .bss.flag.1317
                0x00800068        0x1 ./main.o
 *(COMMON)
                0x00800069                PROVIDE (__bss_end, .)
                0x00000d94                __data_load_start = LOADADDR (.data)
                0x00000d94                __data_load_end = (__data_load_start + SIZEOF (.data))

.noinit         0x00800069        0x0
                0x00800069                PROVIDE (__noinit_start, .)
 *(.noinit*)
                0x00800069                PROVIDE (__noinit_end, .)
                0x00800069                _end = .
                0x00800069                PROVIDE (__heap_start, .)

.eeprom         0x00810000        0x0
 *(.eeprom*)
                0x00810000                __eeprom_end = .

.fuse
 *(.fuse)
 *(.lfuse)
 *(.hfuse)
 *(.efuse)

.lock
 *(.lock*)

.signature
 *(.signature*)

.stab           0x00000000     0x1170
 *(.stab)
 .stab          0x00000000      0x540 ./DIO_Program.o
 .stab          0x00000540      0x6a8 ./EXTI_Program.o
                                0x720 (size before relaxing)
 .stab          0x00000be8      0x144 ./GIE_Program.o
                                0x1bc (size before relaxing)
 .stab          0x00000d2c      0x444 ./main.o
                                0x4bc (size before relaxing)

.stabstr        0x00000000      0xc24
 *(.stabstr)
 .stabstr       0x00000000      0xc24 ./DIO_Program.o

.stab.excl
 *(.stab.excl)

.stab.exclstr
 *(.stab.exclstr)

.stab.index
 *(.stab.index)

.stab.indexstr
 *(.stab.indexstr)

.comment
 *(.comment)

.debug
 *(.debug)

.line
 *(.line)

.debug_srcinfo
 *(.debug_srcinfo)

.debug_sfnames
 *(.debug_sfnames)

.debug_aranges
 *(.debug_aranges)

.debug_pubnames
 *(.debug_pubnames)

.debug_info
 *(.debug_info)
 *(.gnu.linkonce.wi.*)

.debug_abbrev
 *(.debug_abbrev)

.debug_line
 *(.debug_line)

.debug_frame
 *(.debug_frame)

.debug_str
 *(.debug_str)

.debug_loc
 *(.debug_loc)

.debug_macinfo
 *(.debug_macinfo)
OUTPUT(EXTI_Driver.elf elf32-avr)
LOAD linker stubs
